ERROR - 2026-04-23 12:14:56 --> Error connecting to the database: mysqli_sql_exception: No such file or directory in /home/anjasoa/ANJA/web/TP-1/bibliotheque/system/Database/MySQLi/Connection.php:201
Stack trace:
#0 /home/anjasoa/ANJA/web/TP-1/bibliotheque/system/Database/MySQLi/Connection.php(201): mysqli->real_connect()
#1 /home/anjasoa/ANJA/web/TP-1/bibliotheque/system/Database/BaseConnection.php(555): CodeIgniter\Database\MySQLi\Connection->connect()
#2 /home/anjasoa/ANJA/web/TP-1/bibliotheque/system/Database/BaseConnection.php(795): CodeIgniter\Database\BaseConnection->initialize()
#3 /home/anjasoa/ANJA/web/TP-1/bibliotheque/system/Database/BaseBuilder.php(1649): CodeIgniter\Database\BaseConnection->query()
#4 /home/anjasoa/ANJA/web/TP-1/bibliotheque/system/Model.php(253): CodeIgniter\Database\BaseBuilder->get()
#5 /home/anjasoa/ANJA/web/TP-1/bibliotheque/system/BaseModel.php(676): CodeIgniter\Model->doFindAll()
#6 /home/anjasoa/ANJA/web/TP-1/bibliotheque/app/Controllers/Bibliotheque.php(18): CodeIgniter\BaseModel->findAll()
#7 /home/anjasoa/ANJA/web/TP-1/bibliotheque/system/CodeIgniter.php(951): App\Controllers\Bibliotheque->alllivres()
#8 /home/anjasoa/ANJA/web/TP-1/bibliotheque/system/CodeIgniter.php(497): CodeIgniter\CodeIgniter->runController()
#9 /home/anjasoa/ANJA/web/TP-1/bibliotheque/system/CodeIgniter.php(340): CodeIgniter\CodeIgniter->handleRequest()
#10 /home/anjasoa/ANJA/web/TP-1/bibliotheque/system/Boot.php(417): CodeIgniter\CodeIgniter->run()
#11 /home/anjasoa/ANJA/web/TP-1/bibliotheque/system/Boot.php(68): CodeIgniter\Boot::runCodeIgniter()
#12 /home/anjasoa/ANJA/web/TP-1/bibliotheque/public/index.php(59): CodeIgniter\Boot::bootWeb()
#13 {main}

Next CodeIgniter\Database\Exceptions\DatabaseException: No such file or directory in /home/anjasoa/ANJA/web/TP-1/bibliotheque/system/Database/MySQLi/Connection.php:231
Stack trace:
#0 /home/anjasoa/ANJA/web/TP-1/bibliotheque/system/Database/BaseConnection.php(555): CodeIgniter\Database\MySQLi\Connection->connect()
#1 /home/anjasoa/ANJA/web/TP-1/bibliotheque/system/Database/BaseConnection.php(795): CodeIgniter\Database\BaseConnection->initialize()
#2 /home/anjasoa/ANJA/web/TP-1/bibliotheque/system/Database/BaseBuilder.php(1649): CodeIgniter\Database\BaseConnection->query()
#3 /home/anjasoa/ANJA/web/TP-1/bibliotheque/system/Model.php(253): CodeIgniter\Database\BaseBuilder->get()
#4 /home/anjasoa/ANJA/web/TP-1/bibliotheque/system/BaseModel.php(676): CodeIgniter\Model->doFindAll()
#5 /home/anjasoa/ANJA/web/TP-1/bibliotheque/app/Controllers/Bibliotheque.php(18): CodeIgniter\BaseModel->findAll()
#6 /home/anjasoa/ANJA/web/TP-1/bibliotheque/system/CodeIgniter.php(951): App\Controllers\Bibliotheque->alllivres()
#7 /home/anjasoa/ANJA/web/TP-1/bibliotheque/system/CodeIgniter.php(497): CodeIgniter\CodeIgniter->runController()
#8 /home/anjasoa/ANJA/web/TP-1/bibliotheque/system/CodeIgniter.php(340): CodeIgniter\CodeIgniter->handleRequest()
#9 /home/anjasoa/ANJA/web/TP-1/bibliotheque/system/Boot.php(417): CodeIgniter\CodeIgniter->run()
#10 /home/anjasoa/ANJA/web/TP-1/bibliotheque/system/Boot.php(68): CodeIgniter\Boot::runCodeIgniter()
#11 /home/anjasoa/ANJA/web/TP-1/bibliotheque/public/index.php(59): CodeIgniter\Boot::bootWeb()
#12 {main}
CRITICAL - 2026-04-23 12:14:56 --> CodeIgniter\Database\Exceptions\DatabaseException: Unable to connect to the database.
Main connection [MySQLi]: No such file or directory
[Method: GET, Route: /]
in SYSTEMPATH/Database/BaseConnection.php on line 606.
 1 SYSTEMPATH/Database/BaseConnection.php(795): CodeIgniter\Database\BaseConnection->initialize()
 2 SYSTEMPATH/Database/BaseBuilder.php(1649): CodeIgniter\Database\BaseConnection->query()
 3 SYSTEMPATH/Model.php(253): CodeIgniter\Database\BaseBuilder->get()
 4 SYSTEMPATH/BaseModel.php(676): CodeIgniter\Model->doFindAll()
 5 APPPATH/Controllers/Bibliotheque.php(18): CodeIgniter\BaseModel->findAll()
 6 SYSTEMPATH/CodeIgniter.php(951): App\Controllers\Bibliotheque->alllivres()
 7 SYSTEMPATH/CodeIgniter.php(497): CodeIgniter\CodeIgniter->runController()
 8 SYSTEMPATH/CodeIgniter.php(340): CodeIgniter\CodeIgniter->handleRequest()
 9 SYSTEMPATH/Boot.php(417): CodeIgniter\CodeIgniter->run()
10 SYSTEMPATH/Boot.php(68): CodeIgniter\Boot::runCodeIgniter()
11 FCPATH/index.php(59): CodeIgniter\Boot::bootWeb()
